// Jest Snapshot v1, https://goo.gl/fbAQLP

exports[`circular dependencies 1`] = `"1krchlg"`;

exports[`circular dependencies 2`] = `"lxhbxl"`;

exports[`circular dependencies 3`] = `"bj4kug"`;

exports[`circular dependencies 4`] = `"lxhbxl"`;
